00:40:27.835104 Cloud Files 平台版本: build=19041 rev=7663 int=800
00:40:28.078745 rclone rcd 就绪: http://127.0.0.1:52799
00:40:28.079801 同步根策略已更新: Population=ALWAYS_FULL, Hydration=FULL
00:40:28.080887 同步根已连接（FETCH_DATA 回调在线）
00:40:28.088450 ✅ 占位符就绪: 5 个文件，用时 8ms
00:40:28.090018 READY [在线] 用资源管理器打开 C:\Users\Jw\OnercloneSpike 开始验证；Enter/Ctrl+C 退出
00:40:40.380741 · raw: WRITE hello.txt
00:40:40.380741 · 已入队 hello.txt（脏 1 项），3s 后结算
00:40:43.381057 ▶ 结算开始（1 项）
00:40:43.381244 ▶ onSettled 入口 hello.txt
00:40:43.381583 ⬆ 上传 hello.txt (284 bytes)
00:40:43.389162 ✅ 已同步 hello.txt（in-sync ✓ 图标应变绿勾）
00:40:43.389697 ▶ 已处理 hello.txt
00:40:43.389697 ▶ 结算完成
00:40:58.091071 💓 watcher 心跳（脏 0 项）
00:41:28.090148 💓 watcher 心跳（脏 0 项）
00:41:58.090297 💓 watcher 心跳（脏 0 项）
00:42:28.090255 💓 watcher 心跳（脏 0 项）
00:42:58.090430 💓 watcher 心跳（脏 0 项）
00:43:28.090750 💓 watcher 心跳（脏 0 项）
00:43:58.090421 💓 watcher 心跳（脏 0 项）
00:44:28.090384 💓 watcher 心跳（脏 0 项）
00:44:58.090921 💓 watcher 心跳（脏 0 项）
00:45:28.090181 💓 watcher 心跳（脏 0 项）
00:45:58.090496 💓 watcher 心跳（脏 0 项）
00:46:28.090405 💓 watcher 心跳（脏 0 项）
00:46:58.090438 💓 watcher 心跳（脏 0 项）
00:47:28.091120 💓 watcher 心跳（脏 0 项）
00:47:58.090536 💓 watcher 心跳（脏 0 项）
00:48:28.091020 💓 watcher 心跳（脏 0 项）
00:48:58.090413 💓 watcher 心跳（脏 0 项）
00:49:28.091394 💓 watcher 心跳（脏 0 项）
00:49:58.090461 💓 watcher 心跳（脏 0 项）
00:50:28.090687 💓 watcher 心跳（脏 0 项）
00:50:58.090904 💓 watcher 心跳（脏 0 项）
00:51:28.090138 💓 watcher 心跳（脏 0 项）
00:51:58.090889 💓 watcher 心跳（脏 0 项）
00:52:28.090474 💓 watcher 心跳（脏 0 项）
00:52:58.090067 💓 watcher 心跳（脏 0 项）
00:53:28.090733 💓 watcher 心跳（脏 0 项）
00:53:58.090242 💓 watcher 心跳（脏 0 项）
00:54:28.090387 💓 watcher 心跳（脏 0 项）
00:54:58.090321 💓 watcher 心跳（脏 0 项）
00:55:28.090302 💓 watcher 心跳（脏 0 项）
00:55:58.090356 💓 watcher 心跳（脏 0 项）
00:56:28.090823 💓 watcher 心跳（脏 0 项）
00:56:47.327128 当前进程 elevated = false
00:56:47.337615 ✅ 注册成功，elevated=false
00:56:47.337615 → 开放事实①结论：普通用户即可注册，安装流程无需 UAC！
00:56:47.338179 同步根: C:\Users\Jw\OnercloneSpike
00:56:58.090590 💓 watcher 心跳（脏 0 项）
00:57:28.090317 💓 watcher 心跳（脏 0 项）
00:57:58.090752 💓 watcher 心跳（脏 0 项）
00:58:28.090695 💓 watcher 心跳（脏 0 项）
00:58:58.091094 💓 watcher 心跳（脏 0 项）
00:59:28.090712 💓 watcher 心跳（脏 0 项）
00:59:58.090492 💓 watcher 心跳（脏 0 项）
01:00:28.090171 💓 watcher 心跳（脏 0 项）
01:00:58.090126 💓 watcher 心跳（脏 0 项）
01:01:28.090446 💓 watcher 心跳（脏 0 项）
01:01:58.090149 💓 watcher 心跳（脏 0 项）
01:02:28.090230 💓 watcher 心跳（脏 0 项）
01:02:58.090416 💓 watcher 心跳（脏 0 项）
01:03:28.090136 💓 watcher 心跳（脏 0 项）
01:03:58.090528 💓 watcher 心跳（脏 0 项）
01:04:28.090513 💓 watcher 心跳（脏 0 项）
01:04:58.091072 💓 watcher 心跳（脏 0 项）
01:05:28.090376 💓 watcher 心跳（脏 0 项）
01:05:58.090617 💓 watcher 心跳（脏 0 项）
01:06:28.090414 💓 watcher 心跳（脏 0 项）
01:06:58.090150 💓 watcher 心跳（脏 0 项）
01:07:28.090451 💓 watcher 心跳（脏 0 项）
01:07:58.090561 💓 watcher 心跳（脏 0 项）
01:08:28.090580 💓 watcher 心跳（脏 0 项）
01:08:58.090333 💓 watcher 心跳（脏 0 项）
01:09:28.090842 💓 watcher 心跳（脏 0 项）
01:09:58.090220 💓 watcher 心跳（脏 0 项）
01:10:28.090306 💓 watcher 心跳（脏 0 项）
01:10:58.090071 💓 watcher 心跳（脏 0 项）
01:11:28.090748 💓 watcher 心跳（脏 0 项）
01:11:58.090483 💓 watcher 心跳（脏 0 项）
01:12:28.091171 💓 watcher 心跳（脏 0 项）
01:12:58.090374 💓 watcher 心跳（脏 0 项）
01:13:28.090296 💓 watcher 心跳（脏 0 项）
01:13:58.090318 💓 watcher 心跳（脏 0 项）
01:14:28.090154 💓 watcher 心跳（脏 0 项）
01:14:58.090239 💓 watcher 心跳（脏 0 项）
01:15:28.090568 💓 watcher 心跳（脏 0 项）
01:15:58.090163 💓 watcher 心跳（脏 0 项）
01:16:28.091023 💓 watcher 心跳（脏 0 项）
01:16:37.041737 当前进程 elevated = false
01:16:37.052362 ✅ 注册成功，elevated=false
01:16:37.052362 → 开放事实①结论：普通用户即可注册，安装流程无需 UAC！
01:16:37.052362 同步根: C:\Users\Jw\OnercloneSpike
01:16:58.090314 💓 watcher 心跳（脏 0 项）
01:17:28.090559 💓 watcher 心跳（脏 0 项）
01:17:58.090485 💓 watcher 心跳（脏 0 项）
01:18:28.090371 💓 watcher 心跳（脏 0 项）
01:18:58.090607 💓 watcher 心跳（脏 0 项）
01:19:28.090332 💓 watcher 心跳（脏 0 项）
01:19:58.090811 💓 watcher 心跳（脏 0 项）
01:20:28.090581 💓 watcher 心跳（脏 0 项）
01:20:58.090785 💓 watcher 心跳（脏 0 项）
01:21:28.090362 💓 watcher 心跳（脏 0 项）
01:21:58.090262 💓 watcher 心跳（脏 0 项）
01:22:28.090086 💓 watcher 心跳（脏 0 项）
01:22:58.090290 💓 watcher 心跳（脏 0 项）
01:23:28.090282 💓 watcher 心跳（脏 0 项）
01:23:58.090430 💓 watcher 心跳（脏 0 项）
01:24:28.090377 💓 watcher 心跳（脏 0 项）
01:24:58.090515 💓 watcher 心跳（脏 0 项）
01:25:28.090580 💓 watcher 心跳（脏 0 项）
01:25:58.090483 💓 watcher 心跳（脏 0 项）
01:26:28.090743 💓 watcher 心跳（脏 0 项）
01:26:54.100824 当前进程 elevated = false
01:26:54.109796 ✅ 注册成功，elevated=false
01:26:54.109796 → 开放事实①结论：普通用户即可注册，安装流程无需 UAC！
01:26:54.109796 同步根: C:\Users\Jw\OnercloneSpike
01:26:58.091003 💓 watcher 心跳（脏 0 项）
01:27:28.090488 💓 watcher 心跳（脏 0 项）
01:27:58.090579 💓 watcher 心跳（脏 0 项）
01:28:12.986050 当前进程 elevated = false
01:28:12.996713 ✅ 注册成功，elevated=false
01:28:12.996713 → 开放事实①结论：普通用户即可注册，安装流程无需 UAC！
01:28:12.996713 同步根: C:\Users\Jw\OnercloneSpike
01:28:28.090089 💓 watcher 心跳（脏 0 项）
01:28:58.090379 💓 watcher 心跳（脏 0 项）
01:29:28.090191 💓 watcher 心跳（脏 0 项）
01:29:58.090352 💓 watcher 心跳（脏 0 项）
01:30:28.090146 💓 watcher 心跳（脏 0 项）
01:30:58.090219 💓 watcher 心跳（脏 0 项）
01:31:28.090210 💓 watcher 心跳（脏 0 项）
01:31:58.090696 💓 watcher 心跳（脏 0 项）
01:32:28.090099 💓 watcher 心跳（脏 0 项）
01:32:58.090180 💓 watcher 心跳（脏 0 项）
01:33:28.090867 💓 watcher 心跳（脏 0 项）
01:33:58.090563 💓 watcher 心跳（脏 0 项）
01:34:28.090162 💓 watcher 心跳（脏 0 项）
01:34:58.090158 💓 watcher 心跳（脏 0 项）
01:35:28.090424 💓 watcher 心跳（脏 0 项）
01:35:58.091102 💓 watcher 心跳（脏 0 项）
01:36:28.090114 💓 watcher 心跳（脏 0 项）
01:36:58.090361 💓 watcher 心跳（脏 0 项）
01:37:28.090253 💓 watcher 心跳（脏 0 项）
01:37:58.090198 💓 watcher 心跳（脏 0 项）
01:38:28.090402 💓 watcher 心跳（脏 0 项）
01:38:58.090300 💓 watcher 心跳（脏 0 项）
01:39:28.090124 💓 watcher 心跳（脏 0 项）
01:39:58.090971 💓 watcher 心跳（脏 0 项）
01:40:28.090629 💓 watcher 心跳（脏 0 项）
01:40:58.090794 💓 watcher 心跳（脏 0 项）
01:41:28.090316 💓 watcher 心跳（脏 0 项）
01:41:58.090640 💓 watcher 心跳（脏 0 项）
01:42:28.090207 💓 watcher 心跳（脏 0 项）
01:42:58.090258 💓 watcher 心跳（脏 0 项）
01:43:28.091097 💓 watcher 心跳（脏 0 项）
01:43:58.090273 💓 watcher 心跳（脏 0 项）
01:44:28.090502 💓 watcher 心跳（脏 0 项）
01:44:58.090147 💓 watcher 心跳（脏 0 项）
01:45:28.090180 💓 watcher 心跳（脏 0 项）
01:45:58.090640 💓 watcher 心跳（脏 0 项）
01:46:28.090625 💓 watcher 心跳（脏 0 项）
01:46:58.090978 💓 watcher 心跳（脏 0 项）
01:47:28.090086 💓 watcher 心跳（脏 0 项）
01:47:58.090195 💓 watcher 心跳（脏 0 项）
01:48:28.090143 💓 watcher 心跳（脏 0 项）
01:48:58.090494 💓 watcher 心跳（脏 0 项）
01:49:28.090081 💓 watcher 心跳（脏 0 项）
01:49:58.090298 💓 watcher 心跳（脏 0 项）
01:50:28.090690 💓 watcher 心跳（脏 0 项）
01:50:58.090655 💓 watcher 心跳（脏 0 项）
01:51:28.090068 💓 watcher 心跳（脏 0 项）
01:51:58.090300 💓 watcher 心跳（脏 0 项）
01:52:28.091301 💓 watcher 心跳（脏 0 项）
01:52:58.090254 💓 watcher 心跳（脏 0 项）
01:53:28.090251 💓 watcher 心跳（脏 0 项）
01:53:58.090087 💓 watcher 心跳（脏 0 项）
01:54:28.090435 💓 watcher 心跳（脏 0 项）
01:54:58.090331 💓 watcher 心跳（脏 0 项）
01:55:28.090441 💓 watcher 心跳（脏 0 项）
01:55:58.090571 💓 watcher 心跳（脏 0 项）
01:56:28.090487 💓 watcher 心跳（脏 0 项）
01:56:58.090509 💓 watcher 心跳（脏 0 项）
01:57:28.090288 💓 watcher 心跳（脏 0 项）
01:57:58.090165 💓 watcher 心跳（脏 0 项）
01:58:28.090193 💓 watcher 心跳（脏 0 项）
01:58:58.090320 💓 watcher 心跳（脏 0 项）
01:59:28.090630 💓 watcher 心跳（脏 0 项）
01:59:58.090355 💓 watcher 心跳（脏 0 项）
02:00:28.090276 💓 watcher 心跳（脏 0 项）
02:00:58.090390 💓 watcher 心跳（脏 0 项）
02:01:28.090999 💓 watcher 心跳（脏 0 项）
02:01:58.090138 💓 watcher 心跳（脏 0 项）
02:02:28.090104 💓 watcher 心跳（脏 0 项）
02:02:58.090096 💓 watcher 心跳（脏 0 项）
02:03:28.090692 💓 watcher 心跳（脏 0 项）
02:03:58.091478 💓 watcher 心跳（脏 0 项）
02:04:28.090332 💓 watcher 心跳（脏 0 项）
02:04:58.090319 💓 watcher 心跳（脏 0 项）
02:05:28.090372 💓 watcher 心跳（脏 0 项）
02:05:58.090263 💓 watcher 心跳（脏 0 项）
02:06:28.090691 💓 watcher 心跳（脏 0 项）
02:06:58.090327 💓 watcher 心跳（脏 0 项）
02:07:28.090245 💓 watcher 心跳（脏 0 项）
02:07:58.090728 💓 watcher 心跳（脏 0 项）
02:08:28.090499 💓 watcher 心跳（脏 0 项）
02:08:58.090604 💓 watcher 心跳（脏 0 项）
02:09:28.090159 💓 watcher 心跳（脏 0 项）
02:09:58.090293 💓 watcher 心跳（脏 0 项）
02:10:28.090450 💓 watcher 心跳（脏 0 项）
02:10:58.091030 💓 watcher 心跳（脏 0 项）
02:11:28.090107 💓 watcher 心跳（脏 0 项）
02:11:58.090367 💓 watcher 心跳（脏 0 项）
02:12:28.090132 💓 watcher 心跳（脏 0 项）
02:12:58.090120 💓 watcher 心跳（脏 0 项）
02:13:28.090647 💓 watcher 心跳（脏 0 项）
02:13:58.090513 💓 watcher 心跳（脏 0 项）
02:14:28.090511 💓 watcher 心跳（脏 0 项）
02:14:58.090094 💓 watcher 心跳（脏 0 项）
02:15:28.090568 💓 watcher 心跳（脏 0 项）
02:15:58.090566 💓 watcher 心跳（脏 0 项）
02:16:28.090295 💓 watcher 心跳（脏 0 项）
02:16:58.090334 💓 watcher 心跳（脏 0 项）
02:17:28.090101 💓 watcher 心跳（脏 0 项）
02:17:58.090314 💓 watcher 心跳（脏 0 项）
02:18:28.091206 💓 watcher 心跳（脏 0 项）
02:18:58.090235 💓 watcher 心跳（脏 0 项）
02:19:28.090102 💓 watcher 心跳（脏 0 项）
02:19:58.090128 💓 watcher 心跳（脏 0 项）
02:20:28.090154 💓 watcher 心跳（脏 0 项）
02:20:58.090697 💓 watcher 心跳（脏 0 项）
02:21:28.090817 💓 watcher 心跳（脏 0 项）
02:21:58.090469 💓 watcher 心跳（脏 0 项）
02:22:28.090128 💓 watcher 心跳（脏 0 项）
02:22:58.090128 💓 watcher 心跳（脏 0 项）
02:23:28.090485 💓 watcher 心跳（脏 0 项）
02:23:58.090555 💓 watcher 心跳（脏 0 项）
02:24:28.090425 💓 watcher 心跳（脏 0 项）
02:24:58.090311 💓 watcher 心跳（脏 0 项）
02:25:28.090163 💓 watcher 心跳（脏 0 项）
02:25:58.090202 💓 watcher 心跳（脏 0 项）
02:26:28.090105 💓 watcher 心跳（脏 0 项）
02:26:58.090796 💓 watcher 心跳（脏 0 项）
02:27:28.090974 💓 watcher 心跳（脏 0 项）
02:27:58.090144 💓 watcher 心跳（脏 0 项）
02:28:28.090294 💓 watcher 心跳（脏 0 项）
02:28:58.090403 💓 watcher 心跳（脏 0 项）
02:29:28.090286 💓 watcher 心跳（脏 0 项）
02:29:58.090340 💓 watcher 心跳（脏 0 项）
02:30:20.174847 当前进程 elevated = false
02:30:20.185851 ✅ 注册成功，elevated=false
02:30:20.188008 ✅ Shell 注册成功（SyncRootManager ✓ 图标将显示）
02:30:20.188008 → 开放事实①结论：普通用户即可注册，安装流程无需 UAC！
02:30:20.188008 同步根: C:\Users\Jw\OnercloneSpike
02:30:20.253617 注销失败（若程序在跑请先退出）: cfapi: HRESULT 0x8007017C
02:30:20.330929 当前进程 elevated = false
02:30:20.340736 ✅ 注册成功，elevated=false
02:30:20.342389 ✅ Shell 注册成功（SyncRootManager ✓ 图标将显示）
02:30:20.342389 → 开放事实①结论：普通用户即可注册，安装流程无需 UAC！
02:30:20.342389 同步根: C:\Users\Jw\OnercloneSpike
02:30:28.090086 💓 watcher 心跳（脏 0 项）
02:30:58.090496 💓 watcher 心跳（脏 0 项）
02:31:28.090594 💓 watcher 心跳（脏 0 项）
02:31:58.090408 💓 watcher 心跳（脏 0 项）
02:32:28.090433 💓 watcher 心跳（脏 0 项）
02:32:58.090225 💓 watcher 心跳（脏 0 项）
02:33:28.090892 💓 watcher 心跳（脏 0 项）
02:33:58.090255 💓 watcher 心跳（脏 0 项）
02:34:28.090420 💓 watcher 心跳（脏 0 项）
02:34:58.090430 💓 watcher 心跳（脏 0 项）
02:35:28.090492 💓 watcher 心跳（脏 0 项）
02:35:58.090231 💓 watcher 心跳（脏 0 项）
02:36:28.090505 💓 watcher 心跳（脏 0 项）
02:36:58.090835 💓 watcher 心跳（脏 0 项）
02:37:28.090717 💓 watcher 心跳（脏 0 项）
02:37:58.090494 💓 watcher 心跳（脏 0 项）
02:38:28.090171 💓 watcher 心跳（脏 0 项）
02:38:58.090090 💓 watcher 心跳（脏 0 项）
02:39:28.090331 💓 watcher 心跳（脏 0 项）
02:39:58.090213 💓 watcher 心跳（脏 0 项）
02:40:28.090466 💓 watcher 心跳（脏 0 项）
02:40:58.090536 💓 watcher 心跳（脏 0 项）
02:41:28.090505 💓 watcher 心跳（脏 0 项）
02:41:58.091076 💓 watcher 心跳（脏 0 项）
02:42:28.090446 💓 watcher 心跳（脏 0 项）
02:42:58.090283 💓 watcher 心跳（脏 0 项）
02:43:28.090446 💓 watcher 心跳（脏 0 项）
02:43:58.090496 💓 watcher 心跳（脏 0 项）
02:44:28.090568 💓 watcher 心跳（脏 0 项）
02:44:58.090376 💓 watcher 心跳（脏 0 项）
02:45:28.090513 💓 watcher 心跳（脏 0 项）
02:45:58.090498 💓 watcher 心跳（脏 0 项）
02:46:28.090358 💓 watcher 心跳（脏 0 项）
02:46:58.090452 💓 watcher 心跳（脏 0 项）
02:47:28.090503 💓 watcher 心跳（脏 0 项）
02:47:58.091050 💓 watcher 心跳（脏 0 项）
02:48:28.090248 💓 watcher 心跳（脏 0 项）
02:48:58.090479 💓 watcher 心跳（脏 0 项）
02:49:28.090182 💓 watcher 心跳（脏 0 项）
02:49:58.090218 💓 watcher 心跳（脏 0 项）
02:50:28.090029 💓 watcher 心跳（脏 0 项）
02:50:58.090754 💓 watcher 心跳（脏 0 项）
02:51:28.090469 💓 watcher 心跳（脏 0 项）
02:51:58.090498 💓 watcher 心跳（脏 0 项）
02:52:28.090502 💓 watcher 心跳（脏 0 项）
02:52:58.090501 💓 watcher 心跳（脏 0 项）
02:53:28.090490 💓 watcher 心跳（脏 0 项）
02:53:58.090450 💓 watcher 心跳（脏 0 项）
02:54:28.090498 💓 watcher 心跳（脏 0 项）
02:54:58.090505 💓 watcher 心跳（脏 0 项）
02:55:28.090207 💓 watcher 心跳（脏 0 项）
02:55:58.091471 💓 watcher 心跳（脏 0 项）
02:56:28.090401 💓 watcher 心跳（脏 0 项）
02:56:58.091067 💓 watcher 心跳（脏 0 项）
02:57:28.090542 💓 watcher 心跳（脏 0 项）
02:57:58.090499 💓 watcher 心跳（脏 0 项）
02:58:28.090508 💓 watcher 心跳（脏 0 项）
02:58:58.090171 💓 watcher 心跳（脏 0 项）
02:59:28.090410 💓 watcher 心跳（脏 0 项）
02:59:58.090507 💓 watcher 心跳（脏 0 项）
03:00:28.090485 💓 watcher 心跳（脏 0 项）
03:00:58.090930 💓 watcher 心跳（脏 0 项）
03:01:28.090629 💓 watcher 心跳（脏 0 项）
03:01:58.090517 💓 watcher 心跳（脏 0 项）
03:02:28.090493 💓 watcher 心跳（脏 0 项）
03:02:58.090776 💓 watcher 心跳（脏 0 项）
03:03:28.090075 💓 watcher 心跳（脏 0 项）
03:03:58.090432 💓 watcher 心跳（脏 0 项）
03:04:28.090268 💓 watcher 心跳（脏 0 项）
03:04:58.091279 💓 watcher 心跳（脏 0 项）
03:05:28.090836 💓 watcher 心跳（脏 0 项）
03:05:58.090494 💓 watcher 心跳（脏 0 项）
03:06:28.090552 💓 watcher 心跳（脏 0 项）
03:06:58.090461 💓 watcher 心跳（脏 0 项）
03:07:28.090454 💓 watcher 心跳（脏 0 项）
03:07:58.090166 💓 watcher 心跳（脏 0 项）
03:08:28.090521 💓 watcher 心跳（脏 0 项）
03:08:58.090449 💓 watcher 心跳（脏 0 项）
03:09:28.090521 💓 watcher 心跳（脏 0 项）
03:09:58.090503 💓 watcher 心跳（脏 0 项）
03:10:28.090521 💓 watcher 心跳（脏 0 项）
03:10:58.090256 💓 watcher 心跳（脏 0 项）
03:11:28.090532 💓 watcher 心跳（脏 0 项）
03:11:58.090480 💓 watcher 心跳（脏 0 项）
03:12:28.090871 💓 watcher 心跳（脏 0 项）
03:12:58.090419 💓 watcher 心跳（脏 0 项）
03:13:28.090503 💓 watcher 心跳（脏 0 项）
03:13:58.090839 💓 watcher 心跳（脏 0 项）
03:14:28.090527 💓 watcher 心跳（脏 0 项）
03:14:58.090111 💓 watcher 心跳（脏 0 项）
03:15:28.090469 💓 watcher 心跳（脏 0 项）
03:15:58.090518 💓 watcher 心跳（脏 0 项）
03:16:28.090670 💓 watcher 心跳（脏 0 项）
03:16:58.090416 💓 watcher 心跳（脏 0 项）
03:17:28.090287 💓 watcher 心跳（脏 0 项）
03:17:58.090435 💓 watcher 心跳（脏 0 项）
03:18:28.090471 💓 watcher 心跳（脏 0 项）
03:18:58.090518 💓 watcher 心跳（脏 0 项）
03:19:28.090391 💓 watcher 心跳（脏 0 项）
03:19:58.090359 💓 watcher 心跳（脏 0 项）
03:20:28.090508 💓 watcher 心跳（脏 0 项）
03:20:58.090505 💓 watcher 心跳（脏 0 项）
03:21:28.090525 💓 watcher 心跳（脏 0 项）
03:21:58.090792 💓 watcher 心跳（脏 0 项）
03:22:28.090506 💓 watcher 心跳（脏 0 项）
03:22:58.090508 💓 watcher 心跳（脏 0 项）
03:23:28.090485 💓 watcher 心跳（脏 0 项）
03:23:58.090424 💓 watcher 心跳（脏 0 项）
03:24:28.090497 💓 watcher 心跳（脏 0 项）
03:24:58.090485 💓 watcher 心跳（脏 0 项）
03:25:28.090303 💓 watcher 心跳（脏 0 项）
03:25:58.090124 💓 watcher 心跳（脏 0 项）
03:26:28.090417 💓 watcher 心跳（脏 0 项）
03:26:58.090514 💓 watcher 心跳（脏 0 项）
03:27:28.090497 💓 watcher 心跳（脏 0 项）
03:27:58.090484 💓 watcher 心跳（脏 0 项）
03:28:28.090463 💓 watcher 心跳（脏 0 项）
03:28:58.090417 💓 watcher 心跳（脏 0 项）
03:29:28.090496 💓 watcher 心跳（脏 0 项）
03:29:58.090491 💓 watcher 心跳（脏 0 项）
03:30:28.090487 💓 watcher 心跳（脏 0 项）
03:30:58.090517 💓 watcher 心跳（脏 0 项）
03:31:28.090502 💓 watcher 心跳（脏 0 项）
03:31:58.090508 💓 watcher 心跳（脏 0 项）
03:32:28.090495 💓 watcher 心跳（脏 0 项）
03:32:58.090511 💓 watcher 心跳（脏 0 项）
03:33:28.090918 💓 watcher 心跳（脏 0 项）
03:33:58.090176 💓 watcher 心跳（脏 0 项）
03:34:28.090463 💓 watcher 心跳（脏 0 项）
03:34:58.090522 💓 watcher 心跳（脏 0 项）
03:35:28.090505 💓 watcher 心跳（脏 0 项）
03:35:58.090506 💓 watcher 心跳（脏 0 项）
03:36:28.090687 💓 watcher 心跳（脏 0 项）
03:36:58.090529 💓 watcher 心跳（脏 0 项）
03:37:28.090497 💓 watcher 心跳（脏 0 项）
03:37:58.090456 💓 watcher 心跳（脏 0 项）
03:38:28.090539 💓 watcher 心跳（脏 0 项）
03:38:58.090622 💓 watcher 心跳（脏 0 项）
03:39:28.090623 💓 watcher 心跳（脏 0 项）
03:39:58.090494 💓 watcher 心跳（脏 0 项）
03:40:28.090517 💓 watcher 心跳（脏 0 项）
03:40:58.090512 💓 watcher 心跳（脏 0 项）
03:41:28.090502 💓 watcher 心跳（脏 0 项）
03:41:58.090504 💓 watcher 心跳（脏 0 项）
03:42:28.090488 💓 watcher 心跳（脏 0 项）
03:42:58.090460 💓 watcher 心跳（脏 0 项）
03:43:28.090455 💓 watcher 心跳（脏 0 项）
03:43:58.090494 💓 watcher 心跳（脏 0 项）
03:44:28.090271 💓 watcher 心跳（脏 0 项）
03:44:58.090305 💓 watcher 心跳（脏 0 项）
03:45:28.090420 💓 watcher 心跳（脏 0 项）
03:45:58.090506 💓 watcher 心跳（脏 0 项）
03:46:28.090503 💓 watcher 心跳（脏 0 项）
03:46:58.090277 💓 watcher 心跳（脏 0 项）
03:47:28.090709 💓 watcher 心跳（脏 0 项）
03:47:58.090493 💓 watcher 心跳（脏 0 项）
03:48:28.090630 💓 watcher 心跳（脏 0 项）
03:48:58.090398 💓 watcher 心跳（脏 0 项）
03:49:28.090500 💓 watcher 心跳（脏 0 项）
03:49:58.090209 💓 watcher 心跳（脏 0 项）
03:50:28.090461 💓 watcher 心跳（脏 0 项）
03:50:58.090498 💓 watcher 心跳（脏 0 项）
03:51:28.090196 💓 watcher 心跳（脏 0 项）
03:51:58.090465 💓 watcher 心跳（脏 0 项）
03:52:28.090506 💓 watcher 心跳（脏 0 项）
03:52:58.090357 💓 watcher 心跳（脏 0 项）
03:53:28.090439 💓 watcher 心跳（脏 0 项）
03:53:58.090462 💓 watcher 心跳（脏 0 项）
03:54:28.090211 💓 watcher 心跳（脏 0 项）
03:54:58.090681 💓 watcher 心跳（脏 0 项）
03:55:28.090504 💓 watcher 心跳（脏 0 项）
03:55:58.090505 💓 watcher 心跳（脏 0 项）
03:56:28.090997 💓 watcher 心跳（脏 0 项）
03:56:58.090072 💓 watcher 心跳（脏 0 项）
03:57:28.090487 💓 watcher 心跳（脏 0 项）
03:57:58.090691 💓 watcher 心跳（脏 0 项）
03:58:28.090416 💓 watcher 心跳（脏 0 项）
03:58:58.090505 💓 watcher 心跳（脏 0 项）
03:59:28.090501 💓 watcher 心跳（脏 0 项）
03:59:58.090522 💓 watcher 心跳（脏 0 项）
04:00:28.090508 💓 watcher 心跳（脏 0 项）
04:00:58.090531 💓 watcher 心跳（脏 0 项）
04:01:28.090208 💓 watcher 心跳（脏 0 项）
04:01:58.090536 💓 watcher 心跳（脏 0 项）
04:02:28.090511 💓 watcher 心跳（脏 0 项）
04:02:58.090873 💓 watcher 心跳（脏 0 项）
04:03:28.091045 💓 watcher 心跳（脏 0 项）
04:03:58.090498 💓 watcher 心跳（脏 0 项）
04:04:28.090500 💓 watcher 心跳（脏 0 项）
04:04:58.090503 💓 watcher 心跳（脏 0 项）
04:05:28.090500 💓 watcher 心跳（脏 0 项）
04:05:58.090606 💓 watcher 心跳（脏 0 项）
04:06:28.090454 💓 watcher 心跳（脏 0 项）
04:06:58.090561 💓 watcher 心跳（脏 0 项）
04:07:28.090787 💓 watcher 心跳（脏 0 项）
04:07:58.090398 💓 watcher 心跳（脏 0 项）
04:08:28.090448 💓 watcher 心跳（脏 0 项）
04:08:58.090408 💓 watcher 心跳（脏 0 项）
04:09:28.090921 💓 watcher 心跳（脏 0 项）
04:09:58.090135 💓 watcher 心跳（脏 0 项）
04:10:28.090276 💓 watcher 心跳（脏 0 项）
04:10:58.090504 💓 watcher 心跳（脏 0 项）
04:11:28.090452 💓 watcher 心跳（脏 0 项）
04:11:58.090519 💓 watcher 心跳（脏 0 项）
04:12:28.090523 💓 watcher 心跳（脏 0 项）
04:12:58.090514 💓 watcher 心跳（脏 0 项）
04:13:28.090473 💓 watcher 心跳（脏 0 项）
04:13:58.090181 💓 watcher 心跳（脏 0 项）
04:14:28.090431 💓 watcher 心跳（脏 0 项）
04:14:58.090809 💓 watcher 心跳（脏 0 项）
04:15:28.090291 💓 watcher 心跳（脏 0 项）
04:15:58.090382 💓 watcher 心跳（脏 0 项）
04:16:28.090499 💓 watcher 心跳（脏 0 项）
04:16:58.091158 💓 watcher 心跳（脏 0 项）
04:17:28.090453 💓 watcher 心跳（脏 0 项）
04:17:58.090495 💓 watcher 心跳（脏 0 项）
04:18:28.090476 💓 watcher 心跳（脏 0 项）
04:18:58.090500 💓 watcher 心跳（脏 0 项）
04:19:28.090431 💓 watcher 心跳（脏 0 项）
04:19:58.090692 💓 watcher 心跳（脏 0 项）
04:20:28.090483 💓 watcher 心跳（脏 0 项）
04:20:58.090500 💓 watcher 心跳（脏 0 项）
04:21:28.090500 💓 watcher 心跳（脏 0 项）
04:21:58.090506 💓 watcher 心跳（脏 0 项）
04:22:28.090462 💓 watcher 心跳（脏 0 项）
04:22:58.090294 💓 watcher 心跳（脏 0 项）
04:23:28.090173 💓 watcher 心跳（脏 0 项）
04:23:58.090659 💓 watcher 心跳（脏 0 项）
04:24:28.090154 💓 watcher 心跳（脏 0 项）
04:24:58.090507 💓 watcher 心跳（脏 0 项）
04:25:28.090499 💓 watcher 心跳（脏 0 项）
04:25:58.090502 💓 watcher 心跳（脏 0 项）
04:26:28.090153 💓 watcher 心跳（脏 0 项）
04:26:58.090097 💓 watcher 心跳（脏 0 项）
04:27:28.090599 💓 watcher 心跳（脏 0 项）
04:27:58.091250 💓 watcher 心跳（脏 0 项）
04:28:28.090197 💓 watcher 心跳（脏 0 项）
04:28:58.090180 💓 watcher 心跳（脏 0 项）
04:29:28.090626 💓 watcher 心跳（脏 0 项）
04:29:58.090595 💓 watcher 心跳（脏 0 项）
04:30:28.090495 💓 watcher 心跳（脏 0 项）
04:30:58.090501 💓 watcher 心跳（脏 0 项）
04:31:28.090630 💓 watcher 心跳（脏 0 项）
04:31:58.090459 💓 watcher 心跳（脏 0 项）
04:32:28.090500 💓 watcher 心跳（脏 0 项）
04:32:58.090498 💓 watcher 心跳（脏 0 项）
04:33:28.090504 💓 watcher 心跳（脏 0 项）
04:33:58.090571 💓 watcher 心跳（脏 0 项）
04:34:28.090503 💓 watcher 心跳（脏 0 项）
04:34:58.090453 💓 watcher 心跳（脏 0 项）
04:35:28.090514 💓 watcher 心跳（脏 0 项）
04:35:58.090529 💓 watcher 心跳（脏 0 项）
04:36:28.090703 💓 watcher 心跳（脏 0 项）
04:36:58.090495 💓 watcher 心跳（脏 0 项）
04:37:28.090515 💓 watcher 心跳（脏 0 项）
04:37:58.090545 💓 watcher 心跳（脏 0 项）
04:38:28.090131 💓 watcher 心跳（脏 0 项）
04:38:58.091055 💓 watcher 心跳（脏 0 项）
04:39:28.090454 💓 watcher 心跳（脏 0 项）
04:39:58.090363 💓 watcher 心跳（脏 0 项）
04:40:28.090226 💓 watcher 心跳（脏 0 项）
04:40:58.090858 💓 watcher 心跳（脏 0 项）
04:41:28.090464 💓 watcher 心跳（脏 0 项）
04:41:58.090488 💓 watcher 心跳（脏 0 项）
04:42:28.090505 💓 watcher 心跳（脏 0 项）
04:42:58.090492 💓 watcher 心跳（脏 0 项）
04:43:28.091316 💓 watcher 心跳（脏 0 项）
04:43:58.090164 💓 watcher 心跳（脏 0 项）
04:44:28.090878 💓 watcher 心跳（脏 0 项）
04:44:58.090456 💓 watcher 心跳（脏 0 项）
04:45:28.090602 💓 watcher 心跳（脏 0 项）
04:45:58.090464 💓 watcher 心跳（脏 0 项）
04:46:28.090441 💓 watcher 心跳（脏 0 项）
04:46:58.090458 💓 watcher 心跳（脏 0 项）
04:47:28.090508 💓 watcher 心跳（脏 0 项）
04:47:58.090496 💓 watcher 心跳（脏 0 项）
04:48:28.090507 💓 watcher 心跳（脏 0 项）
04:48:58.090501 💓 watcher 心跳（脏 0 项）
04:49:28.090314 💓 watcher 心跳（脏 0 项）
04:49:58.090498 💓 watcher 心跳（脏 0 项）
04:50:28.090493 💓 watcher 心跳（脏 0 项）
04:50:58.090588 💓 watcher 心跳（脏 0 项）
04:51:28.090428 💓 watcher 心跳（脏 0 项）
04:51:58.090443 💓 watcher 心跳（脏 0 项）
04:52:28.090348 💓 watcher 心跳（脏 0 项）
04:52:58.090516 💓 watcher 心跳（脏 0 项）
04:53:28.090466 💓 watcher 心跳（脏 0 项）
04:53:58.091183 💓 watcher 心跳（脏 0 项）
04:54:28.090168 💓 watcher 心跳（脏 0 项）
04:54:58.090498 💓 watcher 心跳（脏 0 项）
04:55:28.090497 💓 watcher 心跳（脏 0 项）
04:55:58.090499 💓 watcher 心跳（脏 0 项）
04:56:28.090503 💓 watcher 心跳（脏 0 项）
04:56:58.090495 💓 watcher 心跳（脏 0 项）
04:57:28.090208 💓 watcher 心跳（脏 0 项）
04:57:58.090509 💓 watcher 心跳（脏 0 项）
04:58:28.090457 💓 watcher 心跳（脏 0 项）
04:58:58.090493 💓 watcher 心跳（脏 0 项）
04:59:28.090571 💓 watcher 心跳（脏 0 项）
04:59:58.090504 💓 watcher 心跳（脏 0 项）
05:00:28.090452 💓 watcher 心跳（脏 0 项）
05:00:58.090991 💓 watcher 心跳（脏 0 项）
05:01:28.091008 💓 watcher 心跳（脏 0 项）
05:01:58.090515 💓 watcher 心跳（脏 0 项）
05:02:28.090815 💓 watcher 心跳（脏 0 项）
05:02:58.090716 💓 watcher 心跳（脏 0 项）
05:03:28.090414 💓 watcher 心跳（脏 0 项）
05:03:58.090455 💓 watcher 心跳（脏 0 项）
05:04:28.090503 💓 watcher 心跳（脏 0 项）
05:04:58.090181 💓 watcher 心跳（脏 0 项）
05:05:28.090259 💓 watcher 心跳（脏 0 项）
05:05:58.090508 💓 watcher 心跳（脏 0 项）
05:06:28.090621 💓 watcher 心跳（脏 0 项）
05:06:58.091636 💓 watcher 心跳（脏 0 项）
05:07:28.090684 💓 watcher 心跳（脏 0 项）
05:07:58.090398 💓 watcher 心跳（脏 0 项）
05:08:28.090619 💓 watcher 心跳（脏 0 项）
05:08:58.090795 💓 watcher 心跳（脏 0 项）
05:09:28.090452 💓 watcher 心跳（脏 0 项）
05:09:58.090746 💓 watcher 心跳（脏 0 项）
05:10:28.090405 💓 watcher 心跳（脏 0 项）
05:10:58.090451 💓 watcher 心跳（脏 0 项）
05:11:28.090734 💓 watcher 心跳（脏 0 项）
05:11:58.091057 💓 watcher 心跳（脏 0 项）
05:12:28.090575 💓 watcher 心跳（脏 0 项）
05:12:58.090723 💓 watcher 心跳（脏 0 项）
05:13:28.090745 💓 watcher 心跳（脏 0 项）
05:13:58.090531 💓 watcher 心跳（脏 0 项）
05:14:28.090552 💓 watcher 心跳（脏 0 项）
05:14:58.090738 💓 watcher 心跳（脏 0 项）
05:15:28.090716 💓 watcher 心跳（脏 0 项）
05:15:58.090723 💓 watcher 心跳（脏 0 项）
05:16:28.090764 💓 watcher 心跳（脏 0 项）
05:16:58.090761 💓 watcher 心跳（脏 0 项）
05:17:28.090485 💓 watcher 心跳（脏 0 项）
05:17:58.090782 💓 watcher 心跳（脏 0 项）
05:18:28.090297 💓 watcher 心跳（脏 0 项）
05:18:58.090241 💓 watcher 心跳（脏 0 项）
05:19:28.090124 💓 watcher 心跳（脏 0 项）
05:19:58.090693 💓 watcher 心跳（脏 0 项）
05:20:28.090743 💓 watcher 心跳（脏 0 项）
05:20:58.090961 💓 watcher 心跳（脏 0 项）
05:21:28.090339 💓 watcher 心跳（脏 0 项）
05:21:58.090559 💓 watcher 心跳（脏 0 项）
05:22:28.090919 💓 watcher 心跳（脏 0 项）
05:22:58.090600 💓 watcher 心跳（脏 0 项）
05:23:28.090635 💓 watcher 心跳（脏 0 项）
05:23:58.090752 💓 watcher 心跳（脏 0 项）
05:24:28.090762 💓 watcher 心跳（脏 0 项）
05:24:58.091636 💓 watcher 心跳（脏 0 项）
05:25:28.090616 💓 watcher 心跳（脏 0 项）
05:25:58.090674 💓 watcher 心跳（脏 0 项）
05:26:28.090581 💓 watcher 心跳（脏 0 项）
05:26:58.091118 💓 watcher 心跳（脏 0 项）
05:27:28.090405 💓 watcher 心跳（脏 0 项）
05:27:58.090727 💓 watcher 心跳（脏 0 项）
05:28:28.090828 💓 watcher 心跳（脏 0 项）
05:28:58.090706 💓 watcher 心跳（脏 0 项）
05:29:28.090470 💓 watcher 心跳（脏 0 项）
05:29:58.091090 💓 watcher 心跳（脏 0 项）
05:30:28.090604 💓 watcher 心跳（脏 0 项）
05:30:58.090552 💓 watcher 心跳（脏 0 项）
05:31:28.090759 💓 watcher 心跳（脏 0 项）
05:31:58.090743 💓 watcher 心跳（脏 0 项）
05:32:28.090769 💓 watcher 心跳（脏 0 项）
05:32:58.090891 💓 watcher 心跳（脏 0 项）
05:33:28.090380 💓 watcher 心跳（脏 0 项）
05:33:58.090738 💓 watcher 心跳（脏 0 项）
05:34:28.090745 💓 watcher 心跳（脏 0 项）
05:34:58.090744 💓 watcher 心跳（脏 0 项）
05:35:28.090945 💓 watcher 心跳（脏 0 项）
05:35:58.090666 💓 watcher 心跳（脏 0 项）
05:36:28.090850 💓 watcher 心跳（脏 0 项）
05:36:58.090992 💓 watcher 心跳（脏 0 项）
05:37:28.090576 💓 watcher 心跳（脏 0 项）
05:37:58.090816 💓 watcher 心跳（脏 0 项）
05:38:28.090468 💓 watcher 心跳（脏 0 项）
05:38:58.090440 💓 watcher 心跳（脏 0 项）
05:39:28.090743 💓 watcher 心跳（脏 0 项）
05:39:58.090779 💓 watcher 心跳（脏 0 项）
05:40:28.090700 💓 watcher 心跳（脏 0 项）
05:40:58.090399 💓 watcher 心跳（脏 0 项）
05:41:28.090559 💓 watcher 心跳（脏 0 项）
05:41:58.090695 💓 watcher 心跳（脏 0 项）
05:42:28.090574 💓 watcher 心跳（脏 0 项）
05:42:58.090710 💓 watcher 心跳（脏 0 项）
05:43:28.090957 💓 watcher 心跳（脏 0 项）
05:43:58.090698 💓 watcher 心跳（脏 0 项）
05:44:28.090486 💓 watcher 心跳（脏 0 项）
05:44:58.090588 💓 watcher 心跳（脏 0 项）
05:45:28.090373 💓 watcher 心跳（脏 0 项）
05:45:58.090602 💓 watcher 心跳（脏 0 项）
05:46:28.091136 💓 watcher 心跳（脏 0 项）
05:46:58.090561 💓 watcher 心跳（脏 0 项）
05:47:28.090691 💓 watcher 心跳（脏 0 项）
05:47:58.090610 💓 watcher 心跳（脏 0 项）
05:48:28.090490 💓 watcher 心跳（脏 0 项）
05:48:58.090763 💓 watcher 心跳（脏 0 项）
05:49:28.090374 💓 watcher 心跳（脏 0 项）
05:49:58.091224 💓 watcher 心跳（脏 0 项）
05:50:28.090713 💓 watcher 心跳（脏 0 项）
05:50:58.090516 💓 watcher 心跳（脏 0 项）
05:51:28.090701 💓 watcher 心跳（脏 0 项）
05:51:58.090720 💓 watcher 心跳（脏 0 项）
05:52:28.090215 💓 watcher 心跳（脏 0 项）
05:52:58.090591 💓 watcher 心跳（脏 0 项）
05:53:28.090870 💓 watcher 心跳（脏 0 项）
05:53:58.090414 💓 watcher 心跳（脏 0 项）
05:54:28.090705 💓 watcher 心跳（脏 0 项）
05:54:58.090757 💓 watcher 心跳（脏 0 项）
05:55:28.090707 💓 watcher 心跳（脏 0 项）
05:55:58.090706 💓 watcher 心跳（脏 0 项）
05:56:28.090630 💓 watcher 心跳（脏 0 项）
05:56:58.090454 💓 watcher 心跳（脏 0 项）
05:57:28.090735 💓 watcher 心跳（脏 0 项）
05:57:58.090770 💓 watcher 心跳（脏 0 项）
05:58:28.090525 💓 watcher 心跳（脏 0 项）
05:58:58.090607 💓 watcher 心跳（脏 0 项）
05:59:28.090359 💓 watcher 心跳（脏 0 项）
05:59:58.090746 💓 watcher 心跳（脏 0 项）
06:00:28.090970 💓 watcher 心跳（脏 0 项）
06:00:58.090251 💓 watcher 心跳（脏 0 项）
06:01:28.090415 💓 watcher 心跳（脏 0 项）
06:01:58.091199 💓 watcher 心跳（脏 0 项）
06:02:28.090660 💓 watcher 心跳（脏 0 项）
06:02:58.090581 💓 watcher 心跳（脏 0 项）
06:03:28.090540 💓 watcher 心跳（脏 0 项）
06:03:58.090735 💓 watcher 心跳（脏 0 项）
06:04:28.090749 💓 watcher 心跳（脏 0 项）
06:04:58.090749 💓 watcher 心跳（脏 0 项）
06:05:28.090734 💓 watcher 心跳（脏 0 项）
06:05:58.090742 💓 watcher 心跳（脏 0 项）
06:06:28.090739 💓 watcher 心跳（脏 0 项）
06:06:58.091522 💓 watcher 心跳（脏 0 项）
06:07:28.090068 💓 watcher 心跳（脏 0 项）
06:07:58.090370 💓 watcher 心跳（脏 0 项）
06:08:28.091122 💓 watcher 心跳（脏 0 项）
06:08:58.090496 💓 watcher 心跳（脏 0 项）
06:09:28.090673 💓 watcher 心跳（脏 0 项）
06:09:58.090564 💓 watcher 心跳（脏 0 项）
06:10:28.090417 💓 watcher 心跳（脏 0 项）
06:10:58.090417 💓 watcher 心跳（脏 0 项）
06:11:28.090428 💓 watcher 心跳（脏 0 项）
06:11:58.090391 💓 watcher 心跳（脏 0 项）
06:12:28.090419 💓 watcher 心跳（脏 0 项）
06:12:58.090654 💓 watcher 心跳（脏 0 项）
06:13:28.090966 💓 watcher 心跳（脏 0 项）
06:13:58.090493 💓 watcher 心跳（脏 0 项）
06:14:28.090444 💓 watcher 心跳（脏 0 项）
06:14:58.090109 💓 watcher 心跳（脏 0 项）
06:15:28.090341 💓 watcher 心跳（脏 0 项）
06:15:58.090648 💓 watcher 心跳（脏 0 项）
06:16:28.091252 💓 watcher 心跳（脏 0 项）
06:16:58.090435 💓 watcher 心跳（脏 0 项）
06:17:28.091524 💓 watcher 心跳（脏 0 项）
06:17:58.090651 💓 watcher 心跳（脏 0 项）
06:18:28.090638 💓 watcher 心跳（脏 0 项）
06:18:58.090420 💓 watcher 心跳（脏 0 项）
06:19:28.090726 💓 watcher 心跳（脏 0 项）
06:19:58.090420 💓 watcher 心跳（脏 0 项）
06:20:28.091215 💓 watcher 心跳（脏 0 项）
06:20:58.090578 💓 watcher 心跳（脏 0 项）
06:21:28.090450 💓 watcher 心跳（脏 0 项）
06:21:58.090556 💓 watcher 心跳（脏 0 项）
06:22:28.090724 💓 watcher 心跳（脏 0 项）
06:22:58.090750 💓 watcher 心跳（脏 0 项）
06:23:28.090899 💓 watcher 心跳（脏 0 项）
06:23:58.090295 💓 watcher 心跳（脏 0 项）
06:24:28.090499 💓 watcher 心跳（脏 0 项）
06:24:58.090756 💓 watcher 心跳（脏 0 项）
06:25:28.090733 💓 watcher 心跳（脏 0 项）
06:25:58.090743 💓 watcher 心跳（脏 0 项）
06:26:28.090735 💓 watcher 心跳（脏 0 项）
06:26:58.090794 💓 watcher 心跳（脏 0 项）
06:27:28.090749 💓 watcher 心跳（脏 0 项）
06:27:58.090668 💓 watcher 心跳（脏 0 项）
06:28:28.090750 💓 watcher 心跳（脏 0 项）
06:28:58.090756 💓 watcher 心跳（脏 0 项）
06:29:28.090736 💓 watcher 心跳（脏 0 项）
06:29:58.090740 💓 watcher 心跳（脏 0 项）
06:30:28.090452 💓 watcher 心跳（脏 0 项）
06:30:58.090487 💓 watcher 心跳（脏 0 项）
06:31:28.090870 💓 watcher 心跳（脏 0 项）
06:31:58.091458 💓 watcher 心跳（脏 0 项）
06:32:28.090608 💓 watcher 心跳（脏 0 项）
06:32:58.090202 💓 watcher 心跳（脏 0 项）
06:33:28.090554 💓 watcher 心跳（脏 0 项）
06:33:58.090738 💓 watcher 心跳（脏 0 项）
06:34:28.090734 💓 watcher 心跳（脏 0 项）
06:34:58.090642 💓 watcher 心跳（脏 0 项）
06:35:28.090351 💓 watcher 心跳（脏 0 项）
06:35:58.090756 💓 watcher 心跳（脏 0 项）
06:36:28.090709 💓 watcher 心跳（脏 0 项）
06:36:58.090736 💓 watcher 心跳（脏 0 项）
06:37:28.090734 💓 watcher 心跳（脏 0 项）
06:37:58.090736 💓 watcher 心跳（脏 0 项）
06:38:28.090710 💓 watcher 心跳（脏 0 项）
06:38:58.090745 💓 watcher 心跳（脏 0 项）
06:39:28.090582 💓 watcher 心跳（脏 0 项）
06:39:58.090713 💓 watcher 心跳（脏 0 项）
06:40:28.090472 💓 watcher 心跳（脏 0 项）
06:40:58.090684 💓 watcher 心跳（脏 0 项）
06:41:28.090170 💓 watcher 心跳（脏 0 项）
06:41:58.090440 💓 watcher 心跳（脏 0 项）
06:42:28.090521 💓 watcher 心跳（脏 0 项）
06:42:58.090494 💓 watcher 心跳（脏 0 项）
06:43:28.090259 💓 watcher 心跳（脏 0 项）
06:43:58.090263 💓 watcher 心跳（脏 0 项）
06:44:28.090615 💓 watcher 心跳（脏 0 项）
06:44:58.091052 💓 watcher 心跳（脏 0 项）
06:45:28.090549 💓 watcher 心跳（脏 0 项）
06:45:58.090762 💓 watcher 心跳（脏 0 项）
06:46:28.090717 💓 watcher 心跳（脏 0 项）
06:46:58.090540 💓 watcher 心跳（脏 0 项）
06:47:28.090712 💓 watcher 心跳（脏 0 项）
06:47:58.090819 💓 watcher 心跳（脏 0 项）
06:48:28.090706 💓 watcher 心跳（脏 0 项）
06:48:58.090728 💓 watcher 心跳（脏 0 项）
06:49:28.090697 💓 watcher 心跳（脏 0 项）
06:49:58.090781 💓 watcher 心跳（脏 0 项）
06:50:28.090626 💓 watcher 心跳（脏 0 项）
06:50:58.090745 💓 watcher 心跳（脏 0 项）
06:51:28.090731 💓 watcher 心跳（脏 0 项）
06:51:58.090731 💓 watcher 心跳（脏 0 项）
06:52:28.090757 💓 watcher 心跳（脏 0 项）
06:52:58.090713 💓 watcher 心跳（脏 0 项）
06:53:28.090614 💓 watcher 心跳（脏 0 项）
06:53:58.090474 💓 watcher 心跳（脏 0 项）
06:54:28.090656 💓 watcher 心跳（脏 0 项）
06:54:58.090711 💓 watcher 心跳（脏 0 项）
06:55:28.090635 💓 watcher 心跳（脏 0 项）
06:55:58.090094 💓 watcher 心跳（脏 0 项）
06:56:28.090321 💓 watcher 心跳（脏 0 项）
06:56:58.090684 💓 watcher 心跳（脏 0 项）
06:57:28.090753 💓 watcher 心跳（脏 0 项）
06:57:58.090587 💓 watcher 心跳（脏 0 项）
06:58:28.090381 💓 watcher 心跳（脏 0 项）
06:58:58.090783 💓 watcher 心跳（脏 0 项）
06:59:28.090703 💓 watcher 心跳（脏 0 项）
06:59:58.091025 💓 watcher 心跳（脏 0 项）
07:00:28.090444 💓 watcher 心跳（脏 0 项）
07:00:58.090743 💓 watcher 心跳（脏 0 项）
07:01:28.091644 💓 watcher 心跳（脏 0 项）
07:01:58.091037 💓 watcher 心跳（脏 0 项）
07:02:28.090222 💓 watcher 心跳（脏 0 项）
07:02:49.856702 💧 水合 nested.txt [0, +45) 用时 7ms
07:02:58.090168 💓 watcher 心跳（脏 0 项）
07:03:28.090429 💓 watcher 心跳（脏 0 项）
07:03:58.090496 💓 watcher 心跳（脏 0 项）
07:04:28.090283 💓 watcher 心跳（脏 0 项）
